[demo.epic-webdesign.com/tf-14-landing/index04b9.html]
[backblue.gif]
[fade.gif]
[index.html]
[demo.epic-webdesign.com/tf-14-landing/lib/images/favicon.png]
[demo.epic-webdesign.com/tf-14-landing/lib/css/style.css]
[demo.epic-webdesign.com/tf-14-landing/lib/css/animate.css]
[demo.epic-webdesign.com/tf-14-landing/lib/css/font-awesome.css]
[demo.epic-webdesign.com/tf-14-landing/lib/js/jquery-1.10.2.min.js]
[demo.epic-webdesign.com/tf-14-landing/lib/js/jquery-migrate-1.2.1.js]
[demo.epic-webdesign.com/tf-14-landing/index.html]
[demo.epic-webdesign.com/tf-14-landing/lib/images/3.png]
[demo.epic-webdesign.com/tf-14-landing/lib/images/1.png]
[demo.epic-webdesign.com/tf-14-landing/lib/images/ipad.png]
[demo.epic-webdesign.com/tf-14-landing/lib/js/modernizr-2.6.1.min.js]
[demo.epic-webdesign.com/tf-14-landing/lib/js/script.js]
[demo.epic-webdesign.com/tf-14-landing/lib/js/jquery.inview.js]
[demo.epic-webdesign.com/tf-14-landing/lib/js/jquery.sticky.js]
[demo.epic-webdesign.com/tf-14-landing/lib/js/jquery.scrollTo-min.js]
[demo.epic-webdesign.com/tf-14-landing/index04b9.html]
[demo.epic-webdesign.com/tf-14-landing/lib/js/jquery.nav.js]
[demo.epic-webdesign.com/tf-14-landing/lib/images/0.jpg]
[demo.epic-webdesign.com/tf-14-landing/lib/css/style.css]
[demo.epic-webdesign.com/tf-14-landing/lib/css/animate.css]
[demo.epic-webdesign.com/tf-14-landing/lib/font/fontawesome-webfontba72.eot]
[demo.epic-webdesign.com/tf-14-landing/lib/font/fontawesome-webfontd41d.eot]
[demo.epic-webdesign.com/tf-14-landing/lib/font/fontawesome-webfontba72.woff]
[demo.epic-webdesign.com/tf-14-landing/lib/font/fontawesome-webfontba72.ttf]
[demo.epic-webdesign.com/tf-14-landing/lib/css/font-awesome.css]
[demo.epic-webdesign.com/tf-14-landing/lib/js/jquery-1.10.2.min.js]
[demo.epic-webdesign.com/tf-14-landing/lib/js/jquery-migrate-1.2.1.js]
[demo.epic-webdesign.com/tf-14-landing/index.html]
[demo.epic-webdesign.com/tf-14-landing/lib/js/modernizr-2.6.1.min.js]
[demo.epic-webdesign.com/tf-14-landing/lib/js/conditional.js]
[demo.epic-webdesign.com/tf-14-landing/lib/js/script.js]
[demo.epic-webdesign.com/tf-14-landing/lib/js/jquery.inview.js]
[demo.epic-webdesign.com/tf-14-landing/lib/js/jquery.sticky.js]
[demo.epic-webdesign.com/tf-14-landing/lib/js/jquery.scrollTo-min.js]
[demo.epic-webdesign.com/tf-14-landing/lib/js/jquery.nav.js]
[demo.epic-webdesign.com/tf-14-landing/lib/font/fontawesome-webfontba72.svg]
[demo.epic-webdesign.com/tf-14-landing/lib/font/fontawesome-webfontba72.svg]
